0 info it worked if it ends with ok
1 verbose cli [
1 verbose cli   'D:\\appdate\\Nodejs\\node.exe',
1 verbose cli   'C:\\Users\\Dunzi\\node_modules\\npm\\bin\\npm-cli.js',
1 verbose cli   'run',
1 verbose cli   'dev:client'
1 verbose cli ]
2 info using npm@2.15.12
3 info using node@v24.19.0
4 verbose run-script [ 'predev:client', 'dev:client', 'postdev:client' ]
5 info predev:client card-pvp@
6 info dev:client card-pvp@
7 verbose unsafe-perm in lifecycle true
8 info card-pvp@ Failed to exec dev:client script
9 verbose stack Error: card-pvp@ dev:client: `cd client && npm run dev`
9 verbose stack Exit status 3221225786
9 verbose stack     at EventEmitter.<anonymous> (C:\Users\Dunzi\node_modules\npm\lib\utils\lifecycle.js:217:16)
9 verbose stack     at EventEmitter.emit (node:events:509:28)
9 verbose stack     at ChildProcess.<anonymous> (C:\Users\Dunzi\node_modules\npm\lib\utils\spawn.js:24:14)
9 verbose stack     at ChildProcess.emit (node:events:509:28)
9 verbose stack     at maybeClose (node:internal/child_process:1141:16)
9 verbose stack     at ChildProcess._handle.onexit (node:internal/child_process:306:5)
10 verbose pkgid card-pvp@
11 verbose cwd C:\Users\Dunzi\Desktop\CardPVP-main
12 error Windows_NT 10.0.19045
13 error argv "D:\\appdate\\Nodejs\\node.exe" "C:\\Users\\Dunzi\\node_modules\\npm\\bin\\npm-cli.js" "run" "dev:client"
14 error node v24.19.0
15 error npm  v2.15.12
16 error code ELIFECYCLE
17 error card-pvp@ dev:client: `cd client && npm run dev`
17 error Exit status 3221225786
18 error Failed at the card-pvp@ dev:client script 'cd client && npm run dev'.
18 error This is most likely a problem with the card-pvp package,
18 error not with npm itself.
18 error Tell the author that this fails on your system:
18 error     cd client && npm run dev
18 error You can get information on how to open an issue for this project with:
18 error     npm bugs card-pvp
18 error Or if that isn't available, you can get their info via:
18 error
18 error     npm owner ls card-pvp
18 error There is likely additional logging output above.
19 verbose exit [ 1, true ]
